// Jest Snapshot v1, https://goo.gl/fbAQLP

exports[`NavbarTitle shows the correct snapshot for the NavbarTitle component tree 1`] = `
<h1
  className={
    Object {
      "data-css-1a2lm7n": "",
    }
  }
>
  <span
    className={
      Object {
        "data-css-41sc57": "",
      }
    }
  >
    Hi. 
  </span>
  <span
    className={
      Object {
        "data-css-ucwin8": "",
      }
    }
  >
    If you like what you see below perhaps we can work together in the future.
  </span>
</h1>
`;
