// Jest Snapshot v1, https://goo.gl/fbAQLP

exports[`ProjectModal shows the correct snapshot for the ProjectModal component tree 1`] = `
<div
  className="Modal css-1y45o1n css-1bpvw5n"
  onClick={[Function]}
>
  <div
    className={
      Object {
        "data-css-1x9ll69": "",
      }
    }
  >
    <div
      className="css-jlylsu"
    >
      <p>
        Project 1 
        <em>
          body
        </em>
      </p>
    </div>
    <div
      className={
        Object {
          "data-css-1da2mo1": "",
        }
      }
    >
      <button
        className="css-1fqszn3 css-12ml4zg"
        onClick={[Function]}
        type="button"
      >
        Prev
      </button>
      <span
        className={
          Object {
            "data-css-1qvhb5d": "",
          }
        }
      >
         / 
      </span>
      <button
        className="css-1fqszn3 css-12ml4zg"
        onClick={[Function]}
        type="button"
      >
        Next
      </button>
    </div>
  </div>
  <button
    className="css-1fqszn3 jsDismissModal css-rh1ike"
    title="Dismiss"
    type="button"
  >
    <svg
      aria-hidden={true}
      height={24}
      viewBox="0 0 24 24"
      width={24}
    >
      <g
        stroke="currentColor"
      >
        <line
          x1="2"
          x2="22"
          y1="2"
          y2="22"
        />
        <line
          x1="22"
          x2="2"
          y1="2"
          y2="22"
        />
      </g>
    </svg>
  </button>
</div>
`;
